✖ [2/60] Building Formalizations.Prelude
trace: .> LEAN_PATH=././.lake/build/lib LD_LIBRARY_PATH= /home/runner/.elan/toolchains/leanprover--lean4---v4.14.0/bin/lean ././././Formalizations/Prelude.lean -R ./././. -o ././.lake/build/lib/Formalizations/Prelude.olean -i ././.lake/build/lib/Formalizations/Prelude.ilean -c ././.lake/build/ir/Formalizations/Prelude.c --json
error: ././././Formalizations/Prelude.lean:85:24: function expected at
  One
term has type
  ?m.291
error: ././././Formalizations/Prelude.lean:89:24: function expected at
  Inv
term has type
  ?m.465
error: ././././Formalizations/Prelude.lean:92:50: expected token
error: ././././Formalizations/Prelude.lean:116:35: failed to synthesize
  OfNat K 1
numerals are polymorphic in Lean, but the numeral `1` cannot be used in a context where the expected type is
  K
due to the absence of the instance above
Additional diagnostic information may be available using the `set_option diagnostics true` command.
error: ././././Formalizations/Prelude.lean:116:48: type mismatch
  OrdField.one_mul a
has type
  mul one a = a : Prop
but is expected to have type
  1 * a = a : Prop
error: ././././Formalizations/Prelude.lean:117:56: expected token
error: ././././Formalizations/Prelude.lean:117:51: type mismatch
  a * a
has type
  K : outParam Type
but is expected to have type
  Sort ?u.1935 : Type ?u.1935
error: ././././Formalizations/Prelude.lean:149:38: failed to synthesize
  OfNat K 1
numerals are polymorphic in Lean, but the numeral `1` cannot be used in a context where the expected type is
  K
due to the absence of the instance above
Additional diagnostic information may be available using the `set_option diagnostics true` command.
error: ././././Formalizations/Prelude.lean:150:6: tactic 'rewrite' failed, did not find instance of the pattern in the target expression
  ?a * ?b
K : Type
inst✝ : OrdField K
a : K
⊢ a * 1 = a
error: ././././Formalizations/Prelude.lean:169:40: expected token
error: ././././Formalizations/Prelude.lean:259:33: failed to synthesize
  OfNat K 1
numerals are polymorphic in Lean, but the numeral `1` cannot be used in a context where the expected type is
  K
due to the absence of the instance above
Additional diagnostic information may be available using the `set_option diagnostics true` command.
error: ././././Formalizations/Prelude.lean:259:38: type mismatch
  OrdField.zero_le_one
has type
  le zero one : Prop
but is expected to have type
  0 ≤ 1 : Prop
error: ././././Formalizations/Prelude.lean:261:33: failed to synthesize
  OfNat K 1
numerals are polymorphic in Lean, but the numeral `1` cannot be used in a context where the expected type is
  K
due to the absence of the instance above
Additional diagnostic information may be available using the `set_option diagnostics true` command.
error: ././././Formalizations/Prelude.lean:263:32: failed to synthesize
  OfNat K 1
numerals are polymorphic in Lean, but the numeral `1` cannot be used in a context where the expected type is
  K
due to the absence of the instance above
Additional diagnostic information may be available using the `set_option diagnostics true` command.
error: ././././Formalizations/Prelude.lean:264:2: type mismatch
  ⟨OrdField.zero_le_one, fun h => OrdField.zero_ne_one (Eq.symm (le_antisymm h OrdField.zero_le_one))⟩
has type
  le zero one ∧ (one ≤ zero → False) : Prop
but is expected to have type
  0 < 1 : Prop
error: ././././Formalizations/Prelude.lean:310:15: expected token
error: ././././Formalizations/Prelude.lean:310:14: type expected, got
  (a : K)
error: ././././Formalizations/Prelude.lean:337:13: expected token
error: ././././Formalizations/Prelude.lean:337:12: type expected, got
  (a : K)
error: ././././Formalizations/Prelude.lean:342:48: expected token
error: ././././Formalizations/Prelude.lean:345:35: expected token
error: ././././Formalizations/Prelude.lean:380:25: unknown identifier 'mul_inv_cancel''
error: ././././Formalizations/Prelude.lean:380:25: tactic 'rewrite' failed, equality or iff proof expected
  ?m.13560
K : Type
inst✝ : OrdField K
b : K
hb : b ≠ 0
a : K
⊢ a * (b * b) = a
error: ././././Formalizations/Prelude.lean:599:62: type mismatch
  rfl
has type
  vadd [] w = vadd [] w : Prop
but is expected to have type
  vadd [] w = w : Prop
error: ././././Formalizations/Prelude.lean:611:62: type mismatch
  rfl
has type
  dotp [] v = dotp [] v : Prop
but is expected to have type
  dotp [] v = 0 : Prop
error: ././././Formalizations/Prelude.lean:806:36: failed to synthesize
  OfNat K 1
numerals are polymorphic in Lean, but the numeral `1` cannot be used in a context where the expected type is
  K
due to the absence of the instance above
Additional diagnostic information may be available using the `set_option diagnostics true` command.
error: ././././Formalizations/Prelude.lean:812:14: failed to synthesize
  OfNat K 1
numerals are polymorphic in Lean, but the numeral `1` cannot be used in a context where the expected type is
  K
due to the absence of the instance above
Additional diagnostic information may be available using the `set_option diagnostics true` command.
error: ././././Formalizations/Prelude.lean:817:11: function expected at
  FinMass
term has type
  ?m.31050
error: ././././Formalizations/Prelude.lean:820:21: function expected at
  FinMass
term has type
  ?m.31118
error: ././././Formalizations/Prelude.lean:823:24: tactic 'rewrite' failed, did not find instance of the pattern in the target expression
  f a
K : Type
inst✝ : OrdField K
α : Type
x✝ : Sort u_1
FinMass : x✝
m : sorry
f g : α → K
h : ∀ (a : α), a ∈ ?m.31149 → f a = g a
a : α
ha : a ∈ sorry
⊢ (fun a => sorry * f a) a = (fun a => sorry * g a) a
error: ././././Formalizations/Prelude.lean:825:20: function expected at
  FinMass
term has type
  ?m.32109
error: ././././Formalizations/Prelude.lean:830:22: function expected at
  FinMass
term has type
  ?m.34732
error: ././././Formalizations/Prelude.lean:834:19: function expected at
  FinMass
term has type
  ?m.35112
error: ././././Formalizations/Prelude.lean:835:48: unsolved goals
K : Type
inst✝ : OrdField K
α : Type
x✝ : Sort u_1
FinMass : x✝
m : sorry
f g : α → K
⊢ sorry = sorry + sorry
error: ././././Formalizations/Prelude.lean:844:20: function expected at
  FinMass
term has type
  ?m.35478
error: ././././Formalizations/Prelude.lean:853:19: function expected at
  FinMass
term has type
  ?m.35879
error: ././././Formalizations/Prelude.lean:854:7: failed to synthesize
  OrdField ?m.35933
Additional diagnostic information may be available using the `set_option diagnostics true` command.
error: ././././Formalizations/Prelude.lean:855:66: unknown identifier 'mul_one'
error: ././././Formalizations/Prelude.lean:858:21: function expected at
  FinMass
term has type
  ?m.36127
error: ././././Formalizations/Prelude.lean:858:68: unsolved goals
K : Type
inst✝ : OrdField K
x✝ : Sort u_1
FinMass : x✝
m : sorry
c : K
⊢ sorry = c
error: ././././Formalizations/Prelude.lean:865:13: function expected at
  FinMass
term has type
  ?m.36314
error: ././././Formalizations/Prelude.lean:868:24: function expected at
  FinMass
term has type
  ?m.36389
error: ././././Formalizations/Prelude.lean:869:11: failed to synthesize
  OrdField ?m.36492
Additional diagnostic information may be available using the `set_option diagnostics true` command.
error: ././././Formalizations/Prelude.lean:877:24: function expected at
  FinMass
term has type
  ?m.36581
error: ././././Formalizations/Prelude.lean:878:12: failed to synthesize
  OrdField ?m.36661
Additional diagnostic information may be available using the `set_option diagnostics true` command.
error: ././././Formalizations/Prelude.lean:877:69: unsolved goals
α : Type
x✝ : Sort u_1
FinMass : x✝
m : sorry
A : α → Bool
⊢ sorry ≤ 1
error: ././././Formalizations/Prelude.lean:882:22: function expected at
  FinMass
term has type
  ?m.36683
error: ././././Formalizations/Prelude.lean:884:74: failed to synthesize
  OrdField ?m.36836
Additional diagnostic information may be available using the `set_option diagnostics true` command.
error: ././././Formalizations/Prelude.lean:890:7: failed to synthesize
  OrdField ?m.37024
Additional diagnostic information may be available using the `set_option diagnostics true` command.
error: ././././Formalizations/Prelude.lean:891:8: failed to synthesize
  OrdField ?m.37034
Additional diagnostic information may be available using the `set_option diagnostics true` command.
error: ././././Formalizations/Prelude.lean:894:31: function expected at
  FinMass
term has type
  ?m.37294
error: ././././Formalizations/Prelude.lean:896:12: failed to synthesize
  OrdField ?m.37410
Additional diagnostic information may be available using the `set_option diagnostics true` command.
error: ././././Formalizations/Prelude.lean:895:43: unsolved goals
α : Type
x✝ : Sort u_1
FinMass : x✝
m : sorry
A : α → Bool
⊢ sorry + sorry = 1
error: Lean exited with code 1
Some required builds logged failures:
- Formalizations.Prelude
error: build failed
