A025 fold pipeline — collocation order m = 128
Stage 1: branch switching from the Hopf point
  periodic solution found: tau=3.716149, Npk=1.1007 (2s)
Stage 2: tau continuation toward the fold
  continuation: 45 points, tau in [3.716149, 5.587227], last residual 8.0e-12
  fold candidate: tau=5.587227001, Npk=22.2947, residual=8.0e-12
Stage 3: Moore-Spence fold solve (nominal)
    MS it=0 |M|=3.182e-06 tau=5.587227000642
    MS it=1 |M|=2.983e-06 tau=5.587228152291
    MS it=2 |M|=2.890e-06 tau=5.587228657099
    MS it=3 |M|=2.799e-06 tau=5.587229130499
    MS it=4 |M|=2.793e-06 tau=5.587229352467
    MS it=5 |M|=2.788e-06 tau=5.587229406226
    MS it=6 |M|=2.783e-06 tau=5.587229459562
    MS it=7 |M|=2.778e-06 tau=5.587229512481
    MS it=8 |M|=2.773e-06 tau=5.587229564986
    MS it=9 |M|=2.768e-06 tau=5.587229617078
    MS it=10 |M|=2.763e-06 tau=5.587229668763
    MS it=11 |M|=2.757e-06 tau=5.587229720043
    MS it=12 |M|=2.752e-06 tau=5.587229770921
    MS it=13 |M|=2.747e-06 tau=5.587229821400
    MS it=14 |M|=2.742e-06 tau=5.587229871483
    MS it=15 |M|=2.737e-06 tau=5.587229921175
    MS it=16 |M|=2.731e-06 tau=5.587229970476
    MS it=17 |M|=2.726e-06 tau=5.587230019392
    MS it=18 |M|=2.721e-06 tau=5.587230067924
    MS it=19 |M|=2.721e-06 tau=5.587230164227
    MS it=20 |M|=2.720e-06 tau=5.587230259023
    MS it=21 |M|=2.719e-06 tau=5.587230352335
    MS it=22 |M|=2.718e-06 tau=5.587230444186
    MS it=23 |M|=2.717e-06 tau=5.587230534598
    MS it=24 |M|=2.715e-06 tau=5.587230623595
    MS it=25 |M|=2.714e-06 tau=5.587230711198
    MS it=26 |M|=2.711e-06 tau=5.587230797430
    MS it=27 |M|=2.709e-06 tau=5.587230882311
    MS it=28 |M|=2.706e-06 tau=5.587230965864
    MS it=29 |M|=2.703e-06 tau=5.587231048107
    MS it=30 |M|=2.700e-06 tau=5.587231129063
    MS it=31 |M|=2.696e-06 tau=5.587231208752
    MS it=32 |M|=2.692e-06 tau=5.587231287192
    MS it=33 |M|=2.688e-06 tau=5.587231364404
    MS it=34 |M|=2.684e-06 tau=5.587231440407
    MS it=35 |M|=2.680e-06 tau=5.587231515219
    MS it=36 |M|=2.675e-06 tau=5.587231588860
    MS it=37 |M|=2.670e-06 tau=5.587231661348
    MS it=38 |M|=2.665e-06 tau=5.587231732700
    MS it=39 |M|=2.659e-06 tau=5.587231802935
    MS it=40 |M|=2.654e-06 tau=5.587231872069
    MS it=41 |M|=2.648e-06 tau=5.587231940121
    MS it=42 |M|=2.642e-06 tau=5.587232007107
    MS it=43 |M|=2.636e-06 tau=5.587232073043
    MS it=44 |M|=2.630e-06 tau=5.587232137947
    MS it=45 |M|=2.623e-06 tau=5.587232201834
    MS it=46 |M|=2.617e-06 tau=5.587232264720
    MS it=47 |M|=2.610e-06 tau=5.587232326621
    MS it=48 |M|=2.603e-06 tau=5.587232387553
    MS it=49 |M|=2.596e-06 tau=5.587232447529
    MS it=50 |M|=2.589e-06 tau=5.587232506567
    MS it=51 |M|=2.581e-06 tau=5.587232564679
    MS it=52 |M|=2.574e-06 tau=5.587232621881
    MS it=53 |M|=2.566e-06 tau=5.587232678186
    MS it=54 |M|=2.558e-06 tau=5.587232733609
    MS it=55 |M|=2.550e-06 tau=5.587232788164
    MS it=56 |M|=2.542e-06 tau=5.587232841864
    MS it=57 |M|=2.534e-06 tau=5.587232894723
    MS it=58 |M|=2.526e-06 tau=5.587232946753
    MS it=59 |M|=2.517e-06 tau=5.587232997968
    MS it=60 |M|=2.509e-06 tau=5.587233048380
    MS it=61 |M|=2.500e-06 tau=5.587233098003
    MS it=62 |M|=2.491e-06 tau=5.587233146847
    MS it=63 |M|=2.482e-06 tau=5.587233194926
    MS it=64 |M|=2.474e-06 tau=5.587233242252
    MS it=65 |M|=2.464e-06 tau=5.587233288835
    MS it=66 |M|=2.455e-06 tau=5.587233334689
    MS it=67 |M|=2.446e-06 tau=5.587233379824
    MS it=68 |M|=2.437e-06 tau=5.587233424251
    MS it=69 |M|=2.427e-06 tau=5.587233467982
    MS it=70 |M|=2.418e-06 tau=5.587233511027
    MS it=71 |M|=2.418e-06 tau=5.587233595768
    MS it=72 |M|=2.416e-06 tau=5.587233677857
    MS it=73 |M|=2.414e-06 tau=5.587233757377
    MS it=74 |M|=2.410e-06 tau=5.587233834409
    MS it=75 |M|=2.405e-06 tau=5.587233909028
    MS it=76 |M|=2.400e-06 tau=5.587233981312
    MS it=77 |M|=2.393e-06 tau=5.587234051333
    MS it=78 |M|=2.386e-06 tau=5.587234119160
    MS it=79 |M|=2.378e-06 tau=5.587234184864
    MS it=80 |M|=2.369e-06 tau=5.587234248509
    MS it=81 |M|=2.359e-06 tau=5.587234310161
    MS it=82 |M|=2.349e-06 tau=5.587234369881
    MS it=83 |M|=2.338e-06 tau=5.587234427730
    MS it=84 |M|=2.326e-06 tau=5.587234483766
    MS it=85 |M|=2.314e-06 tau=5.587234538046
    MS it=86 |M|=2.301e-06 tau=5.587234590624
    MS it=87 |M|=2.288e-06 tau=5.587234641554
    MS it=88 |M|=2.274e-06 tau=5.587234690887
    MS it=89 |M|=2.260e-06 tau=5.587234738673
    MS it=90 |M|=2.245e-06 tau=5.587234784960
    MS it=91 |M|=2.230e-06 tau=5.587234829795
    MS it=92 |M|=2.214e-06 tau=5.587234873223
    MS it=93 |M|=2.198e-06 tau=5.587234915289
    MS it=94 |M|=2.182e-06 tau=5.587234956034
    MS it=95 |M|=2.166e-06 tau=5.587234995500
    MS it=96 |M|=2.149e-06 tau=5.587235033727
    MS it=97 |M|=2.148e-06 tau=5.587235107780
    MS it=98 |M|=2.143e-06 tau=5.587235177201
    MS it=99 |M|=2.134e-06 tau=5.587235242276
    MS it=100 |M|=2.122e-06 tau=5.587235303275
    MS it=101 |M|=2.107e-06 tau=5.587235360452
    MS it=102 |M|=2.089e-06 tau=5.587235414044
    MS it=103 |M|=2.069e-06 tau=5.587235464274
    MS it=104 |M|=2.047e-06 tau=5.587235511351
    MS it=105 |M|=2.022e-06 tau=5.587235555471
    MS it=106 |M|=1.996e-06 tau=5.587235596818
    MS it=107 |M|=1.969e-06 tau=5.587235635565
    MS it=108 |M|=1.940e-06 tau=5.587235671873
    MS it=109 |M|=1.911e-06 tau=5.587235705894
    MS it=110 |M|=1.907e-06 tau=5.587235769648
    MS it=111 |M|=1.889e-06 tau=5.587235825424
    MS it=112 |M|=1.861e-06 tau=5.587235874204
    MS it=113 |M|=1.823e-06 tau=5.587235916852
    MS it=114 |M|=1.778e-06 tau=5.587235954123
    MS it=115 |M|=1.728e-06 tau=5.587235986683
    MS it=116 |M|=1.725e-06 tau=5.587236043547
    MS it=117 |M|=1.673e-06 tau=5.587236086183
    MS it=118 |M|=1.589e-06 tau=5.587236118038
    MS it=119 |M|=1.574e-06 tau=5.587236165441
  FOLD (nominal): tau_f = 5.587236189070, T_f = 315.310038, Npk = 22.3587, |M| = 1.396e-06
  lost certificate interval [5.587236197890, 5.587236199490]: outside (distance 8.82e-09)
written a025_branch_continuation_m128.json (427s total)
