A025 fold pipeline — collocation order m = 96
Stage 1: branch switching from the Hopf point
  periodic solution found: tau=3.716149, Npk=1.1007 (1s)
Stage 2: tau continuation toward the fold
  continuation: 45 points, tau in [3.716149, 5.587227], last residual 4.0e-12
  fold candidate: tau=5.587227001, Npk=22.2900, residual=4.0e-12
Stage 3: Moore-Spence fold solve (nominal)
    MS it=0 |M|=3.532e-06 tau=5.587227000642
    MS it=1 |M|=3.312e-06 tau=5.587228152380
    MS it=2 |M|=3.208e-06 tau=5.587228657218
    MS it=3 |M|=3.108e-06 tau=5.587229130643
    MS it=4 |M|=3.045e-06 tau=5.587229574603
    MS it=5 |M|=3.044e-06 tau=5.587229678683
    MS it=6 |M|=3.043e-06 tau=5.587229781133
    MS it=7 |M|=3.041e-06 tau=5.587229881978
    MS it=8 |M|=3.040e-06 tau=5.587229981244
    MS it=9 |M|=3.037e-06 tau=5.587230078956
    MS it=10 |M|=3.035e-06 tau=5.587230175137
    MS it=11 |M|=3.032e-06 tau=5.587230269812
    MS it=12 |M|=3.029e-06 tau=5.587230363004
    MS it=13 |M|=3.025e-06 tau=5.587230454736
    MS it=14 |M|=3.022e-06 tau=5.587230545032
    MS it=15 |M|=3.018e-06 tau=5.587230633913
    MS it=16 |M|=3.013e-06 tau=5.587230721402
    MS it=17 |M|=3.009e-06 tau=5.587230807521
    MS it=18 |M|=3.004e-06 tau=5.587230892291
    MS it=19 |M|=2.999e-06 tau=5.587230975733
    MS it=20 |M|=2.993e-06 tau=5.587231057869
    MS it=21 |M|=2.988e-06 tau=5.587231138717
    MS it=22 |M|=2.982e-06 tau=5.587231218298
    MS it=23 |M|=2.976e-06 tau=5.587231296634
    MS it=24 |M|=2.970e-06 tau=5.587231373742
    MS it=25 |M|=2.963e-06 tau=5.587231449642
    MS it=26 |M|=2.957e-06 tau=5.587231524353
    MS it=27 |M|=2.950e-06 tau=5.587231597894
    MS it=28 |M|=2.943e-06 tau=5.587231670282
    MS it=29 |M|=2.935e-06 tau=5.587231741536
    MS it=30 |M|=2.928e-06 tau=5.587231811674
    MS it=31 |M|=2.920e-06 tau=5.587231880713
    MS it=32 |M|=2.913e-06 tau=5.587231948670
    MS it=33 |M|=2.905e-06 tau=5.587232015562
    MS it=34 |M|=2.896e-06 tau=5.587232081406
    MS it=35 |M|=2.888e-06 tau=5.587232146219
    MS it=36 |M|=2.880e-06 tau=5.587232210015
    MS it=37 |M|=2.871e-06 tau=5.587232272812
    MS it=38 |M|=2.862e-06 tau=5.587232334625
    MS it=39 |M|=2.853e-06 tau=5.587232395470
    MS it=40 |M|=2.844e-06 tau=5.587232455361
    MS it=41 |M|=2.835e-06 tau=5.587232514313
    MS it=42 |M|=2.826e-06 tau=5.587232572341
    MS it=43 |M|=2.816e-06 tau=5.587232629459
    MS it=44 |M|=2.807e-06 tau=5.587232685683
    MS it=45 |M|=2.797e-06 tau=5.587232741025
    MS it=46 |M|=2.787e-06 tau=5.587232795499
    MS it=47 |M|=2.777e-06 tau=5.587232849120
    MS it=48 |M|=2.767e-06 tau=5.587232901900
    MS it=49 |M|=2.757e-06 tau=5.587232953853
    MS it=50 |M|=2.747e-06 tau=5.587233004991
    MS it=51 |M|=2.736e-06 tau=5.587233055328
    MS it=52 |M|=2.726e-06 tau=5.587233104875
    MS it=53 |M|=2.716e-06 tau=5.587233153646
    MS it=54 |M|=2.705e-06 tau=5.587233201652
    MS it=55 |M|=2.704e-06 tau=5.587233296158
    MS it=56 |M|=2.703e-06 tau=5.587233387707
    MS it=57 |M|=2.700e-06 tau=5.587233476390
    MS it=58 |M|=2.696e-06 tau=5.587233562297
    MS it=59 |M|=2.690e-06 tau=5.587233645514
    MS it=60 |M|=2.684e-06 tau=5.587233726127
    MS it=61 |M|=2.677e-06 tau=5.587233804214
    MS it=62 |M|=2.668e-06 tau=5.587233879855
    MS it=63 |M|=2.659e-06 tau=5.587233953128
    MS it=64 |M|=2.649e-06 tau=5.587234024104
    MS it=65 |M|=2.638e-06 tau=5.587234092858
    MS it=66 |M|=2.627e-06 tau=5.587234159457
    MS it=67 |M|=2.614e-06 tau=5.587234223969
    MS it=68 |M|=2.601e-06 tau=5.587234286459
    MS it=69 |M|=2.587e-06 tau=5.587234346990
    MS it=70 |M|=2.573e-06 tau=5.587234405624
    MS it=71 |M|=2.558e-06 tau=5.587234462419
    MS it=72 |M|=2.543e-06 tau=5.587234517432
    MS it=73 |M|=2.527e-06 tau=5.587234570721
    MS it=74 |M|=2.510e-06 tau=5.587234622338
    MS it=75 |M|=2.493e-06 tau=5.587234672335
    MS it=76 |M|=2.476e-06 tau=5.587234720764
    MS it=77 |M|=2.458e-06 tau=5.587234767672
    MS it=78 |M|=2.440e-06 tau=5.587234813108
    MS it=79 |M|=2.421e-06 tau=5.587234857118
    MS it=80 |M|=2.402e-06 tau=5.587234899746
    MS it=81 |M|=2.401e-06 tau=5.587234982325
    MS it=82 |M|=2.395e-06 tau=5.587235059736
    MS it=83 |M|=2.385e-06 tau=5.587235132301
    MS it=84 |M|=2.372e-06 tau=5.587235200321
    MS it=85 |M|=2.355e-06 tau=5.587235264079
    MS it=86 |M|=2.335e-06 tau=5.587235323838
    MS it=87 |M|=2.312e-06 tau=5.587235379848
    MS it=88 |M|=2.287e-06 tau=5.587235432343
    MS it=89 |M|=2.260e-06 tau=5.587235481539
    MS it=90 |M|=2.231e-06 tau=5.587235527643
    MS it=91 |M|=2.200e-06 tau=5.587235570848
    MS it=92 |M|=2.168e-06 tau=5.587235611333
    MS it=93 |M|=2.135e-06 tau=5.587235649268
    MS it=94 |M|=2.131e-06 tau=5.587235720355
    MS it=95 |M|=2.111e-06 tau=5.587235782546
    MS it=96 |M|=2.079e-06 tau=5.587235836936
    MS it=97 |M|=2.037e-06 tau=5.587235884487
    MS it=98 |M|=1.986e-06 tau=5.587235926044
    MS it=99 |M|=1.930e-06 tau=5.587235962347
    MS it=100 |M|=1.927e-06 tau=5.587236025747
    MS it=101 |M|=1.868e-06 tau=5.587236073282
    MS it=102 |M|=1.774e-06 tau=5.587236108798
    MS it=103 |M|=1.758e-06 tau=5.587236161645
    MS it=104 |M|=1.559e-06 tau=5.587236187985
    MS it=105 |M|=1.320e-06 tau=5.587236212542
    MS it=106 |M|=5.408e-07 tau=5.587236208270
    MS it=107 |M|=3.311e-12 tau=5.587236198663
  FOLD (nominal): tau_f = 5.587236198663, T_f = 315.322196, Npk = 22.3583, |M| = 3.311e-12
  lost certificate interval [5.587236197890, 5.587236199490]: INSIDE (distance 2.66e-11)
written a025_branch_continuation_m96.json (205s total)
