A025 fold pipeline — collocation order m = 96
Stage 1: branch switching from the Hopf point
  periodic solution found: tau=3.716149, Npk=1.1007 (1s)
Stage 2: tau continuation toward the fold
  continuation: 48 points, tau in [3.716149, 5.587236], last residual 4.4e-12
  fold candidate: tau=5.587235892, Npk=22.3458, residual=4.4e-12
Stage 3: Moore-Spence fold solve (nominal)
    MS it=0 |M|=6.457e-07 tau=5.587235892292
    MS it=1 |M|=5.650e-07 tau=5.587235968909
    MS it=2 |M|=4.944e-07 tau=5.587236026963
    MS it=3 |M|=4.635e-07 tau=5.587236048922
    MS it=4 |M|=4.602e-07 tau=5.587236068148
    MS it=5 |M|=4.534e-07 tau=5.587236076563
    MS it=6 |M|=4.464e-07 tau=5.587236084448
    MS it=7 |M|=4.454e-07 tau=5.587236099224
    MS it=8 |M|=4.412e-07 tau=5.587236112151
    MS it=9 |M|=4.343e-07 tau=5.587236123458
    MS it=10 |M|=4.254e-07 tau=5.587236133343
    MS it=11 |M|=4.149e-07 tau=5.587236141982
    MS it=12 |M|=4.030e-07 tau=5.587236149529
    MS it=13 |M|=4.022e-07 tau=5.587236162710
    MS it=14 |M|=3.898e-07 tau=5.587236172593
    MS it=15 |M|=3.701e-07 tau=5.587236179978
    MS it=16 |M|=3.665e-07 tau=5.587236190967
    MS it=17 |M|=3.249e-07 tau=5.587236196444
    MS it=18 |M|=2.749e-07 tau=5.587236201551
    MS it=19 |M|=1.125e-07 tau=5.587236200662
    MS it=20 |M|=4.482e-12 tau=5.587236198663
  FOLD (nominal): tau_f = 5.587236198663, T_f = 315.322196, Npk = 22.3583, |M| = 4.482e-12
  lost certificate interval [5.587236197890, 5.587236199490]: INSIDE (distance 2.69e-11)
written a025_branch_continuation_m96.json (50s total)
