A025 fold pipeline — collocation order m = 128
Stage 1: branch switching from the Hopf point
  periodic solution found: tau=3.716149, Npk=1.1007 (2s)
Stage 2: tau continuation toward the fold
  continuation: 48 points, tau in [3.716149, 5.587236], last residual 9.6e-12
  fold candidate: tau=5.587235892, Npk=22.3505, residual=9.6e-12
Stage 3: Moore-Spence fold solve (nominal)
    MS it=0 |M|=5.816e-07 tau=5.587235892292
    MS it=1 |M|=5.089e-07 tau=5.587235968908
    MS it=2 |M|=4.453e-07 tau=5.587236026961
    MS it=3 |M|=4.377e-07 tau=5.587236037941
    MS it=4 |M|=4.333e-07 tau=5.587236048232
    MS it=5 |M|=4.284e-07 tau=5.587236057877
    MS it=6 |M|=4.232e-07 tau=5.587236066916
    MS it=7 |M|=4.176e-07 tau=5.587236075387
    MS it=8 |M|=4.117e-07 tau=5.587236083326
    MS it=9 |M|=4.056e-07 tau=5.587236090765
    MS it=10 |M|=4.055e-07 tau=5.587236104706
    MS it=11 |M|=4.024e-07 tau=5.587236116904
    MS it=12 |M|=3.968e-07 tau=5.587236127573
    MS it=13 |M|=3.892e-07 tau=5.587236136902
    MS it=14 |M|=3.799e-07 tau=5.587236145056
    MS it=15 |M|=3.695e-07 tau=5.587236152181
    MS it=16 |M|=3.580e-07 tau=5.587236158403
    MS it=17 |M|=3.543e-07 tau=5.587236169266
    MS it=18 |M|=3.413e-07 tau=5.587236177404
    MS it=19 |M|=3.227e-07 tau=5.587236183478
    MS it=20 |M|=3.156e-07 tau=5.587236192507
    MS it=21 |M|=2.781e-07 tau=5.587236196989
    MS it=22 |M|=2.321e-07 tau=5.587236201137
    MS it=23 |M|=9.310e-08 tau=5.587236200318
    MS it=24 |M|=4.930e-12 tau=5.587236198663
  FOLD (nominal): tau_f = 5.587236198663, T_f = 315.322196, Npk = 22.3629, |M| = 4.930e-12
  lost certificate interval [5.587236197890, 5.587236199490]: INSIDE (distance 2.70e-11)
written a025_branch_continuation_m128.json (114s total)
