fit: a=0.7461 beta=0.0198 gamma=-0.02844
eps train max=15.41 sd=5.60 oos max=21.81
P_bar=282.2 UC={'UC_min': 43.7, 'UC_q05': 166.5, 'UC_q10': 179.1}
minimal flat cut for K_phys under UC_min: 7.2%
steady states (worst-case attractors):
  BAU      UC_min=615.72  UC_q05=625.31  UC_q10=626.29
  flat_90  UC_min=618.88  UC_q05=628.47  UC_q10=629.45
  flat_80  UC_min=622.04  UC_q05=631.63  UC_q10=632.61
  flat_70  UC_min=625.2  UC_q05=634.79  UC_q10=635.77
  flat_60  UC_min=628.36  UC_q05=637.95  UC_q10=638.93
  flat_50  UC_min=631.52  UC_q05=641.11  UC_q10=642.09
  flat_0   UC_min=647.32  UC_q05=656.91  UC_q10=657.9
  S1       UC_min=622.04  UC_q05=631.63  UC_q10=632.61
  cpm      UC_min=628.36  UC_q05=636.37  UC_q10=637.35
supply BAU      train mean P=282.16 cut frac=0.0
supply flat_80  train mean P=225.73 cut frac=0.0
supply S1       train mean P=262.36 cut frac=0.351
supply cpm      train mean P=254.93 cut frac=0.351
stress BAU      min H=629.65 >=618: True
stress flat_80  min H=634.88 >=618: True
stress S1       min H=634.88 >=618: True
stress cpm      min H=637.06 >=618: True
certified horizons (largest nonempty T):
  BAU      UC_min/K_phys_618=3  UC_min/K_inst_660=1  UC_q05/K_phys_618=3  UC_q05/K_inst_660=1  UC_q10/K_phys_618=3  UC_q10/K_inst_660=1
  flat_90  UC_min/K_phys_618=3  UC_min/K_inst_660=1  UC_q05/K_phys_618=3  UC_q05/K_inst_660=1  UC_q10/K_phys_618=3  UC_q10/K_inst_660=1
  flat_80  UC_min/K_phys_618=3  UC_min/K_inst_660=1  UC_q05/K_phys_618=3  UC_q05/K_inst_660=1  UC_q10/K_phys_618=3  UC_q10/K_inst_660=1
  S1       UC_min/K_phys_618=3  UC_min/K_inst_660=1  UC_q05/K_phys_618=3  UC_q05/K_inst_660=1  UC_q10/K_phys_618=3  UC_q10/K_inst_660=1
  cpm      UC_min/K_phys_618=3  UC_min/K_inst_660=1  UC_q05/K_phys_618=3  UC_q05/K_inst_660=1  UC_q10/K_phys_618=3  UC_q10/K_inst_660=1
  flat_0   UC_min/K_phys_618=3  UC_min/K_inst_660=1  UC_q05/K_phys_618=5  UC_q05/K_inst_660=1  UC_q10/K_phys_618=5  UC_q10/K_inst_660=1
retention (nominal):
  S1: retained=True (a_ok=True, improves=True, readings=['UC_min/K_phys_618'])
  cpm: retained=True (a_ok=True, improves=True, readings=['UC_min/K_phys_618'])
retention (certified):
  S1: retained=True (a_ok=True, improves=True, readings=['UC_min/K_phys_618', 'UC_q05/K_phys_618', 'UC_q10/K_phys_618'])
  cpm: retained=True (a_ok=True, improves=True, readings=['UC_min/K_phys_618', 'UC_q05/K_phys_618', 'UC_q10/K_phys_618'])
wrote results/intervention_results.json and results/intervention_boundaries.csv
