A025 fold pipeline — collocation order m = 64
Stage 1: branch switching from the Hopf point
  periodic solution found: tau=3.716149, Npk=1.1007 (1s)
Stage 2: tau continuation toward the fold
  continuation: 48 points, tau in [3.716149, 5.587236], last residual 2.3e-12
  fold candidate: tau=5.587235892, Npk=22.3176, residual=2.3e-12
Stage 3: Moore-Spence fold solve (nominal)
    MS it=0 |M|=7.367e-07 tau=5.587235892292
    MS it=1 |M|=6.446e-07 tau=5.587235968917
    MS it=2 |M|=5.640e-07 tau=5.587236026977
    MS it=3 |M|=5.339e-07 tau=5.587236070899
    MS it=4 |M|=5.301e-07 tau=5.587236087482
    MS it=5 |M|=5.230e-07 tau=5.587236101988
    MS it=6 |M|=5.132e-07 tau=5.587236114671
    MS it=7 |M|=5.013e-07 tau=5.587236125758
    MS it=8 |M|=4.876e-07 tau=5.587236135444
    MS it=9 |M|=4.727e-07 tau=5.587236143904
    MS it=10 |M|=4.682e-07 tau=5.587236158675
    MS it=11 |M|=4.515e-07 tau=5.587236169742
    MS it=12 |M|=4.271e-07 tau=5.587236178004
    MS it=13 |M|=4.184e-07 tau=5.587236190285
    MS it=14 |M|=3.689e-07 tau=5.587236196385
    MS it=15 |M|=3.086e-07 tau=5.587236202036
    MS it=16 |M|=1.241e-07 tau=5.587236200938
    MS it=17 |M|=2.260e-12 tau=5.587236198690
  FOLD (nominal): tau_f = 5.587236198690, T_f = 315.322196, Npk = 22.3300, |M| = 2.260e-12
  lost certificate interval [5.587236197890, 5.587236199490]: INSIDE (distance 1.15e-13)
written a025_branch_continuation.json (23s total)
