'Formalizations.P1.finite_horizon_sound' does not depend on any axioms
'Formalizations.P1.finite_horizon_complete' depends on axioms: [Classical.choice]
'Formalizations.P1.tree_sound' does not depend on any axioms
'Formalizations.P1.blocked_iff' depends on axioms: [propext, Classical.choice, Quot.sound]
'Formalizations.P1.Wk_antitone' does not depend on any axioms
'Formalizations.P1.Wk_descending' does not depend on any axioms
'Formalizations.P1.preOp_mono' does not depend on any axioms
'Formalizations.CompCert.robust_row_sound' does not depend on any axioms
'Formalizations.Minimax.dual_certificate_sound' does not depend on any axioms
'Formalizations.Minimax.two_row_average' does not depend on any axioms
'Formalizations.Minimax.parity_common_safe_empty' does not depend on any axioms
'Formalizations.Minimax.benchmark_obstruction' depends on axioms: [propext, Classical.choice, Quot.sound]
'Formalizations.EBC.hold_action_zero' does not depend on any axioms
'Formalizations.EBC.holdRep_zero' does not depend on any axioms
'Formalizations.EBC.matchedRep_zero' does not depend on any axioms
'Formalizations.EBC.natToK_zero' does not depend on any axioms
'Formalizations.EBC.natToK_succ' does not depend on any axioms
'Formalizations.P3.Φ_mono' depends on axioms: [propext]
'Formalizations.WS.master_monotone' does not depend on any axioms
'Formalizations.ARV.bracket_upper_form1' depends on axioms: [propext, Classical.choice, Quot.sound]
'Formalizations.E1.ladder_telescope' does not depend on any axioms
