✔ [2/60] Built Formalizations.Prelude (795ms)
✔ [3/60] Built Formalizations.E1_ForecastLadder (329ms)
✔ [4/60] Built Formalizations.P3_ProbSufficiency (418ms)
✔ [5/60] Built Formalizations.EBC_ExactBelief_v2 (800ms)
✔ [6/60] Built Formalizations.Comp_Certification (486ms)
✔ [7/60] Built Formalizations.ARV_RegimeViability (825ms)
✔ [8/60] Built Formalizations.P1_TimingCertificate (532ms)
✔ [9/60] Built Formalizations.P1_BeliefSafety (708ms)
✔ [10/60] Built Formalizations.Minimax_Dual (939ms)
✔ [11/60] Built Formalizations.Prelude_Monotone (538ms)
✔ [12/60] Built Formalizations.P3_Binomial (658ms)
✔ [13/60] Built Formalizations.P1_Obstruction (1.3s)
✔ [14/60] Built Formalizations.EBC_ExactBelief_v3 (858ms)
✔ [15/60] Built Formalizations.Comp_Certification_v2 (750ms)
✔ [16/60] Built Formalizations.ARV_RegimeViability_v2 (888ms)
✔ [17/60] Built Formalizations.P3_Support (698ms)
✔ [18/60] Built Formalizations.P1_BeliefSafety_Value (929ms)
✔ [19/60] Built Formalizations.WS_WorkedSystems (511ms)
✔ [20/60] Built Formalizations.WS_WorkedSystems_v2 (540ms)
✔ [21/60] Built Formalizations.P3_Sufficiency (726ms)
✔ [22/60] Built Formalizations.EBC_Dynamics (948ms)
✔ [23/60] Built Formalizations.P1_BeliefSafety_Policy (759ms)
✔ [24/60] Built Formalizations.P1_AssessmentSeparation_v5 (5.2s)
✔ [25/60] Built Formalizations.EBC_Hamming (362ms)
✔ [26/60] Built Formalizations.P3_ClassLattice (526ms)
✔ [27/60] Built Formalizations.P3_Deterministic (674ms)
✔ [28/60] Built Formalizations.EBC_Bands (438ms)
✔ [29/60] Built Formalizations.RatArith (475ms)
✔ [30/60] Built Formalizations.P3_Freeze_Noisy (551ms)
✔ [31/60] Built Formalizations.P3_PiecewiseLinear (558ms)
✔ [32/60] Built Formalizations.EBC_Bands_v2 (401ms)
✔ [33/60] Built Formalizations.P3_Bridge (463ms)
✔ [34/60] Built Formalizations.P3_Convexity (567ms)
✔ [35/60] Built Formalizations.P3_Antichain (498ms)
✔ [36/60] Built Formalizations.P3_Freeze_Noisy_v2 (583ms)
✔ [37/60] Built Formalizations.P3_Viable (654ms)
✔ [38/60] Built Formalizations.EBC_Pairs (698ms)
✔ [39/60] Built Formalizations.P3_Antichain_v2 (698ms)
✔ [40/60] Built Formalizations.P3_RobustPL (683ms)
✔ [41/60] Built Formalizations.EBC_Pairs_v2 (496ms)
✔ [42/60] Built Formalizations.P3_Antichain_v3 (571ms)
✔ [43/60] Built Formalizations.EBC_Pairs_v3 (475ms)
✔ [44/60] Built Formalizations.P3_Feedback (1.1s)
✔ [45/60] Built Formalizations.EBC_Classification (399ms)
✔ [46/60] Built Formalizations.EBC_Deadline (499ms)
✔ [47/60] Built Formalizations.P3_FeedbackValue (572ms)
✔ [48/60] Built Formalizations.EBC_Classification_v2 (329ms)
✔ [49/60] Built Formalizations.P3_SurvivableAdm (290ms)
✔ [50/60] Built Formalizations.EBC_Classification_v3 (347ms)
✔ [51/60] Built Formalizations.P3_FreezeValue (395ms)
✔ [52/60] Built Formalizations.P3_BlindValue (632ms)
✔ [53/60] Built Formalizations.P3_FreezeCount (715ms)
✔ [54/60] Built Formalizations.EBC_Ladder (674ms)
✔ [55/60] Built Formalizations.P3_Rational (351ms)
✔ [56/60] Built Formalizations.EBC_Ladder_v2 (230ms)
✔ [57/60] Built Formalizations.P3_SupportValue (415ms)
✔ [58/60] Built Formalizations.P3_SupportRepair (244ms)
✔ [59/60] Built Formalizations (176ms)
Build completed successfully (60 jobs).
