✔ [2/60] Built Formalizations.Prelude (1.4s)
✔ [3/60] Built Formalizations.P3_Binomial (385ms)
✔ [4/60] Built Formalizations.E1_ForecastLadder (461ms)
✔ [5/60] Built Formalizations.P3_ProbSufficiency (569ms)
✔ [6/60] Built Formalizations.EBC_ExactBelief_v2 (608ms)
✔ [7/60] Built Formalizations.ARV_RegimeViability (589ms)
✔ [8/60] Built Formalizations.Comp_Certification (400ms)
✔ [9/60] Built Formalizations.Minimax_Dual (1.1s)
✔ [10/60] Built Formalizations.P1_BeliefSafety (827ms)
✔ [11/60] Built Formalizations.P1_TimingCertificate (447ms)
✔ [12/60] Built Formalizations.P1_Obstruction (1.3s)
✔ [13/60] Built Formalizations.P1_AssessmentSeparation_v5 (6.0s)
✔ [14/60] Built Formalizations.Prelude_Monotone (282ms)
✔ [15/60] Built Formalizations.ARV_RegimeViability_v2 (476ms)
✔ [16/60] Built Formalizations.EBC_ExactBelief_v3 (593ms)
✔ [17/60] Built Formalizations.Comp_Certification_v2 (285ms)
✔ [18/60] Built Formalizations.P3_Support (505ms)
✔ [19/60] Built Formalizations.WS_WorkedSystems (359ms)
✔ [20/60] Built Formalizations.P1_BeliefSafety_Value (738ms)
✔ [21/60] Built Formalizations.WS_WorkedSystems_v2 (335ms)
✔ [22/60] Built Formalizations.P3_Sufficiency (762ms)
✔ [23/60] Built Formalizations.EBC_Dynamics (1.0s)
✔ [24/60] Built Formalizations.P1_BeliefSafety_Policy (388ms)
✔ [25/60] Built Formalizations.P3_Deterministic (632ms)
✔ [26/60] Built Formalizations.EBC_Hamming (505ms)
✔ [27/60] Built Formalizations.P3_ClassLattice (413ms)
✔ [28/60] Built Formalizations.P3_PiecewiseLinear (632ms)
✔ [29/60] Built Formalizations.P3_Freeze_Noisy (571ms)
✔ [30/60] Built Formalizations.RatArith (358ms)
✔ [31/60] Built Formalizations.EBC_Bands (320ms)
✔ [32/60] Built Formalizations.P3_Antichain (289ms)
✔ [33/60] Built Formalizations.P3_Bridge (431ms)
✔ [34/60] Built Formalizations.P3_Freeze_Noisy_v2 (501ms)
✔ [35/60] Built Formalizations.P3_Convexity (582ms)
✔ [36/60] Built Formalizations.EBC_Bands_v2 (354ms)
✔ [37/60] Built Formalizations.P3_RobustPL (356ms)
✔ [38/60] Built Formalizations.P3_Antichain_v2 (678ms)
✔ [39/60] Built Formalizations.P3_Viable (421ms)
✔ [40/60] Built Formalizations.EBC_Pairs (638ms)
✔ [41/60] Built Formalizations.P3_Antichain_v3 (450ms)
✔ [42/60] Built Formalizations.EBC_Pairs_v2 (462ms)
✔ [43/60] Built Formalizations.P3_Feedback (1.3s)
✔ [44/60] Built Formalizations.EBC_Pairs_v3 (788ms)
✔ [45/60] Built Formalizations.EBC_Deadline (603ms)
✔ [46/60] Built Formalizations.P3_FeedbackValue (861ms)
✔ [47/60] Built Formalizations.EBC_Classification (417ms)
✔ [48/60] Built Formalizations.P3_SurvivableAdm (430ms)
✔ [49/60] Built Formalizations.EBC_Classification_v2 (331ms)
✔ [50/60] Built Formalizations.P3_BlindValue (629ms)
✔ [51/60] Built Formalizations.P3_FreezeCount (809ms)
✔ [52/60] Built Formalizations.P3_FreezeValue (376ms)
✔ [53/60] Built Formalizations.EBC_Classification_v3 (463ms)
✔ [54/60] Built Formalizations.P3_Rational (440ms)
✔ [55/60] Built Formalizations.EBC_Ladder (532ms)
✔ [56/60] Built Formalizations.EBC_Ladder_v2 (405ms)
✖ [57/60] Building Formalizations.P3_SupportValue (704ms)
trace: .> LEAN_PATH=/var/tmp/lean-repro-candidate/lean/.lake/build/lib/lean /var/tmp/lean-repro-run/toolchain/lean-4.34.1-linux/bin/lean /var/tmp/lean-repro-candidate/lean/Formalizations/P3_SupportValue.lean -o /var/tmp/lean-repro-candidate/lean/.lake/build/lib/lean/Formalizations/P3_SupportValue.olean -i /var/tmp/lean-repro-candidate/lean/.lake/build/lib/lean/Formalizations/P3_SupportValue.ilean -c /var/tmp/lean-repro-candidate/lean/.lake/build/ir/Formalizations/P3_SupportValue.c --setup /var/tmp/lean-repro-candidate/lean/.lake/build/ir/Formalizations/P3_SupportValue.setup.json --json
error: Formalizations/P3_SupportValue.lean:140:16: Tactic `decide` failed for proposition
  0 ≤
    match WmX.p with
    | WmX.p => 1 / 2
    | WmX.q => 1 / 2
    | x => 0
because its `Decidable` instance
  Rat.instDecidableLe 0
    (match WmX.p with
    | WmX.p => 1 / 2
    | WmX.q => 1 / 2
    | x => 0)
did not reduce to `isTrue` or `isFalse`.

After unfolding the instances `instDecidableEqBool`, `Bool.decEq`, `Int.decLt`, `Int.decNonneg`, and `Rat.instDecidableLe`, reduction got stuck at the `Decidable` instance
  match
    (match WmX.p with
        | WmX.p => 1 / 2
        | WmX.q => 1 / 2
        | x => 0).blt
      0,
    false with
  | false, false => isTrue ⋯
  | false, true => isFalse ⋯
  | true, false => isFalse ⋯
  | true, true => isTrue ⋯
error: Formalizations/P3_SupportValue.lean:140:16: Tactic `decide` failed for proposition
  0 ≤
    match WmX.q with
    | WmX.p => 1 / 2
    | WmX.q => 1 / 2
    | x => 0
because its `Decidable` instance
  Rat.instDecidableLe 0
    (match WmX.q with
    | WmX.p => 1 / 2
    | WmX.q => 1 / 2
    | x => 0)
did not reduce to `isTrue` or `isFalse`.

After unfolding the instances `instDecidableEqBool`, `Bool.decEq`, `Int.decLt`, `Int.decNonneg`, and `Rat.instDecidableLe`, reduction got stuck at the `Decidable` instance
  match
    (match WmX.q with
        | WmX.p => 1 / 2
        | WmX.q => 1 / 2
        | x => 0).blt
      0,
    false with
  | false, false => isTrue ⋯
  | false, true => isFalse ⋯
  | true, false => isFalse ⋯
  | true, true => isTrue ⋯
error: Formalizations/P3_SupportValue.lean:144:2: Tactic `decide` failed for proposition
  1 / 2 ≠ 0
because its `Decidable` instance
  instDecidableNot
did not reduce to `isTrue` or `isFalse`.

After unfolding the instances `instDecidableEqRat`, `instDecidableNot`, `Int.decEq`, `Int.instDecidableEq`, and `instDecidableEqRat.decEq`, reduction got stuck at the `Decidable` instance
  match (Rat.mul 1 (Rat.inv 2)).num, ↑0 with
  | Int.ofNat a, Int.ofNat b =>
    match decEq a b with
    | isTrue h => isTrue ⋯
    | isFalse h => isFalse ⋯
  | Int.ofNat a, Int.negSucc a_1 => isFalse ⋯
  | Int.negSucc a, Int.ofNat a_1 => isFalse ⋯
  | Int.negSucc a, Int.negSucc b =>
    match decEq a b with
    | isTrue h => isTrue ⋯
    | isFalse h => isFalse ⋯
warning: Formalizations/P3_SupportValue.lean:150:44: declaration uses `sorry`
error: Formalizations/P3_SupportValue.lean:154:2: Tactic `decide` failed for proposition
  totalD (wmModel Rat) wmBelief = 1
because its `Decidable` instance
  instDecidableEqRat (totalD (wmModel Rat) wmBelief) 1
did not reduce to `isTrue` or `isFalse`.

After unfolding the instances `instDecidableEqRat`, `Int.decEq`, `Int.instDecidableEq`, and `instDecidableEqRat.decEq`, reduction got stuck at the `Decidable` instance
  match ((wmBelief.f WmX.x0).add (lsum (List.map wmBelief.f [WmX.p, WmX.q, WmX.p1, WmX.q1, WmX.good, WmX.dead]))).num,
    ↑1 with
  | Int.ofNat a, Int.ofNat b =>
    match decEq a b with
    | isTrue h => isTrue ⋯
    | isFalse h => isFalse ⋯
  | Int.ofNat a, Int.negSucc a_1 => isFalse ⋯
  | Int.negSucc a, Int.ofNat a_1 => isFalse ⋯
  | Int.negSucc a, Int.negSucc b =>
    match decEq a b with
    | isTrue h => isTrue ⋯
    | isFalse h => isFalse ⋯
Some required targets logged failures:
- Formalizations.P3_SupportValue
error: build failed
