\BOOKMARK [2][-]{section*.1}{\376\377\0001\000.\000\040\000I\000n\000t\000r\000o\000d\000u\000c\000t\000i\000o\000n}{}% 1
\BOOKMARK [3][-]{section*.2}{\376\377\0001\000.\0001\000\040\000F\000a\000i\000l\000u\000r\000e\000\040\000m\000o\000d\000e\000s\000\040\000a\000n\000d\000\040\000t\000h\000e\000\040\000t\000w\000o\000\040\000c\000o\000n\000f\000u\000s\000i\000o\000n\000s}{section*.1}% 2
\BOOKMARK [3][-]{section*.3}{\376\377\0001\000.\0002\000\040\000C\000o\000n\000t\000r\000i\000b\000u\000t\000i\000o\000n\000s}{section*.1}% 3
\BOOKMARK [3][-]{section*.4}{\376\377\0001\000.\0003\000\040\000O\000r\000g\000a\000n\000i\000z\000a\000t\000i\000o\000n}{section*.1}% 4
\BOOKMARK [2][-]{section*.5}{\376\377\0002\000.\000\040\000T\000h\000e\000\040\000T\000y\000p\000e\000d\000\040\000P\000r\000i\000m\000i\000t\000i\000v\000e\000\040\000L\000e\000d\000g\000e\000r}{}% 5
\BOOKMARK [3][-]{section*.6}{\376\377\0002\000.\0001\000\040\000T\000y\000p\000e\000d\000\040\000s\000t\000o\000c\000k\000s\000,\000\040\000p\000r\000i\000m\000i\000t\000i\000v\000e\000\040\000f\000l\000u\000x\000e\000s\000,\000\040\000a\000n\000d\000\040\000t\000h\000e\000\040\000i\000n\000c\000i\000d\000e\000n\000c\000e\000\040\000d\000i\000s\000c\000i\000p\000l\000i\000n\000e}{section*.5}% 6
\BOOKMARK [3][-]{section*.8}{\376\377\0002\000.\0002\000\040\000T\000h\000e\000\040\000c\000l\000o\000s\000e\000d\000\040\000f\000i\000n\000i\000t\000e\000-\000d\000o\000n\000o\000r\000\040\000l\000e\000d\000g\000e\000r}{section*.5}% 7
\BOOKMARK [3][-]{section*.10}{\376\377\0002\000.\0003\000\040\000T\000h\000e\000\040\000s\000i\000x\000-\000c\000o\000m\000p\000a\000r\000t\000m\000e\000n\000t\000\040\000i\000l\000l\000u\000s\000t\000r\000a\000t\000i\000o\000n}{section*.5}% 8
\BOOKMARK [3][-]{section*.11}{\376\377\0002\000.\0004\000\040\000T\000h\000e\000\040\000f\000o\000u\000r\000-\000s\000t\000o\000c\000k\000\040\000r\000e\000s\000o\000u\000r\000c\000e\040\023\000s\000i\000n\000k\040\023\000n\000u\000t\000r\000i\000e\000n\000t\040\023\000p\000r\000o\000d\000u\000c\000t\000\040\000s\000y\000s\000t\000e\000m}{section*.5}% 9
\BOOKMARK [3][-]{section*.12}{\376\377\0002\000.\0005\000\040\000M\000e\000c\000h\000a\000n\000i\000s\000m\000\040\000t\000y\000p\000i\000n\000g\000:\000\040\000r\000o\000u\000t\000i\000n\000g\000\040\000i\000s\000\040\000n\000e\000v\000e\000r\000\040\000d\000e\000t\000e\000r\000m\000i\000n\000e\000d\000\040\000b\000y\000\040\000d\000i\000a\000g\000n\000o\000s\000t\000i\000c\000\040\000l\000a\000b\000e\000l\000s}{section*.5}% 10
\BOOKMARK [3][-]{section*.13}{\376\377\0002\000.\0006\000\040\000S\000u\000p\000p\000o\000r\000t\000\040\000s\000a\000t\000u\000r\000a\000t\000i\000o\000n\000\040\000a\000n\000d\000\040\000t\000h\000e\000\040\000l\000o\000g\000i\000s\000t\000i\000c\000\040\000l\000i\000m\000i\000t}{section*.5}% 11
\BOOKMARK [2][-]{section*.14}{\376\377\0003\000.\000\040\000C\000e\000r\000t\000i\000f\000i\000c\000a\000t\000i\000o\000n\000\040\000L\000a\000y\000e\000r\000s\000\040\000a\000n\000d\000\040\000t\000h\000e\000\040\000A\000c\000c\000o\000u\000n\000t\000i\000n\000g\000\040\000T\000h\000e\000o\000r\000e\000m\000s}{}% 12
\BOOKMARK [3][-]{section*.15}{\376\377\0003\000.\0001\000\040\000T\000h\000r\000e\000e\000\040\000p\000r\000e\000d\000i\000c\000a\000t\000e\000s\000,\000\040\000s\000e\000p\000a\000r\000a\000t\000e\000d}{section*.14}% 13
\BOOKMARK [3][-]{section*.16}{\376\377\0003\000.\0002\000\040\000T\000h\000e\000\040\000t\000y\000p\000e\000d\000\040\000s\000a\000f\000e\000t\000y\000\040\000s\000e\000t}{section*.14}% 14
\BOOKMARK [3][-]{section*.17}{\376\377\0003\000.\0003\000\040\000T\000h\000e\000\040\000f\000l\000u\000x\000-\000r\000e\000c\000o\000n\000s\000t\000r\000u\000c\000t\000i\000o\000n\000\040\000i\000d\000e\000n\000t\000i\000t\000y}{section*.14}% 15
\BOOKMARK [3][-]{section*.18}{\376\377\0003\000.\0004\000\040\000T\000h\000e\000\040\000c\000o\000n\000s\000e\000r\000v\000a\000t\000i\000o\000n\000-\000l\000a\000w\000\040\000r\000e\000d\000u\000c\000t\000i\000o\000n}{section*.14}% 16
\BOOKMARK [3][-]{section*.19}{\376\377\0003\000.\0005\000\040\000T\000h\000e\000\040\000f\000l\000u\000x\000-\000b\000o\000u\000n\000d\000i\000n\000g\000\040\000e\000n\000v\000e\000l\000o\000p\000e\000\040\000t\000h\000e\000o\000r\000e\000m}{section*.14}% 17
\BOOKMARK [3][-]{section*.20}{\376\377\0003\000.\0006\000\040\000F\000i\000n\000i\000t\000e\000\040\000e\000x\000h\000a\000u\000s\000t\000i\000o\000n\000\040\000u\000n\000d\000e\000r\000\040\000u\000n\000i\000f\000o\000r\000m\000\040\000d\000r\000i\000f\000t\000,\000\040\000a\000n\000d\000\040\000i\000t\000s\000\040\000f\000a\000i\000l\000u\000r\000e\000\040\000m\000o\000d\000e}{section*.14}% 18
\BOOKMARK [3][-]{section*.21}{\376\377\0003\000.\0007\000\040\000C\000o\000m\000p\000o\000s\000i\000t\000i\000o\000n\000\040\000o\000f\000\040\000l\000e\000d\000g\000e\000r\000s\000\040\000a\000n\000d\000\040\000t\000h\000e\000\040\000c\000a\000l\000c\000u\000l\000u\000s\000\040\000o\000f\000\040\000c\000e\000r\000t\000i\000f\000i\000c\000a\000t\000e\000s}{section*.14}% 19
\BOOKMARK [3][-]{section*.22}{\376\377\0003\000.\0008\000\040\000T\000h\000e\000\040\000t\000y\000p\000e\000\040\000s\000t\000r\000u\000c\000t\000u\000r\000e\000\040\000t\000h\000e\000\040\000o\000p\000e\000r\000a\000t\000o\000r\000'\000s\000\040\000s\000u\000b\000s\000c\000r\000i\000p\000t\000\040\000a\000b\000b\000r\000e\000v\000i\000a\000t\000e\000s}{section*.14}% 20
\BOOKMARK [2][-]{section*.23}{\376\377\0004\000.\000\040\000C\000o\000n\000s\000e\000r\000v\000a\000t\000i\000o\000n\000\040\000a\000n\000d\000\040\000P\000o\000s\000i\000t\000i\000v\000i\000t\000y\000\040\000o\000f\000\040\000t\000h\000e\000\040\000C\000l\000o\000s\000e\000d\000\040\000L\000e\000d\000g\000e\000r}{}% 21
\BOOKMARK [3][-]{section*.24}{\376\377\0004\000.\0001\000\040\000T\000h\000e\000\040\000n\000a\000t\000u\000r\000a\000l\000-\000b\000l\000o\000c\000k\000\040\000m\000a\000s\000s\000\040\000i\000d\000e\000n\000t\000i\000t\000y}{section*.23}% 22
\BOOKMARK [3][-]{section*.25}{\376\377\0004\000.\0002\000\040\000S\000t\000o\000i\000c\000h\000i\000o\000m\000e\000t\000r\000i\000c\000\040\000c\000o\000n\000s\000e\000r\000v\000a\000t\000i\000o\000n\000\040\000o\000f\000\040\000t\000h\000e\000\040\000f\000u\000l\000l\000\040\000l\000e\000d\000g\000e\000r}{section*.23}% 23
\BOOKMARK [3][-]{section*.26}{\376\377\0004\000.\0003\000\040\000C\000o\000n\000s\000e\000r\000v\000a\000t\000i\000o\000n\000\040\000o\000f\000\040\000t\000h\000e\000\040\000s\000i\000x\000-\000c\000o\000m\000p\000a\000r\000t\000m\000e\000n\000t\000\040\000l\000e\000d\000g\000e\000r}{section*.23}% 24
\BOOKMARK [3][-]{section*.27}{\376\377\0004\000.\0004\000\040\000O\000r\000t\000h\000a\000n\000t\000\040\000i\000n\000v\000a\000r\000i\000a\000n\000c\000e}{section*.23}% 25
\BOOKMARK [3][-]{section*.28}{\376\377\0004\000.\0005\000\040\000N\000o\000\040\000i\000n\000t\000e\000r\000i\000o\000r\000\040\000r\000e\000s\000t\000\040\000a\000t\000\040\000p\000o\000s\000i\000t\000i\000v\000e\000\040\000e\000f\000f\000o\000r\000t}{section*.23}% 26
\BOOKMARK [3][-]{section*.29}{\376\377\0004\000.\0006\000\040\000T\000h\000e\000\040\000e\000x\000t\000i\000n\000c\000t\000i\000o\000n\040\023\000g\000e\000o\000c\000h\000e\000m\000i\000c\000a\000l\000\040\000r\000e\000s\000t\000\040\000s\000e\000t}{section*.23}% 27
\BOOKMARK [3][-]{section*.30}{\376\377\0004\000.\0007\000\040\000E\000x\000t\000r\000a\000c\000t\000i\000o\000n\000\040\000i\000n\000t\000e\000g\000r\000a\000b\000i\000l\000i\000t\000y}{section*.23}% 28
\BOOKMARK [3][-]{section*.31}{\376\377\0004\000.\0008\000\040\000T\000h\000e\000\040\000c\000o\000n\000d\000i\000t\000i\000o\000n\000a\000l\000\040\000h\000y\000b\000r\000i\000d\000\040\000m\000o\000i\000e\000t\000y\000\040\000b\000a\000l\000a\000n\000c\000e}{section*.23}% 29
\BOOKMARK [3][-]{section*.32}{\376\377\0004\000.\0009\000\040\000C\000a\000n\000c\000e\000l\000l\000a\000t\000i\000o\000n\000\040\000i\000s\000\040\000c\000h\000e\000a\000p}{section*.23}% 30
\BOOKMARK [2][-]{section*.33}{\376\377\0005\000.\000\040\000S\000e\000r\000v\000i\000c\000e\000\040\000R\000e\000a\000d\000o\000u\000t\000s\000\040\000a\000n\000d\000\040\000t\000h\000e\000\040\000C\000o\000m\000p\000o\000n\000e\000n\000t\000w\000i\000s\000e\000\040\000D\000e\000f\000i\000c\000i\000t}{}% 31
\BOOKMARK [3][-]{section*.34}{\376\377\0005\000.\0001\000\040\000T\000h\000e\000\040\000s\000e\000r\000v\000i\000c\000e\000\040\000r\000e\000a\000d\000o\000u\000t\000\040\000a\000n\000d\000\040\000t\000h\000e\000\040\000c\000o\000n\000t\000e\000m\000p\000o\000r\000a\000n\000e\000o\000u\000s\000\040\000b\000a\000l\000a\000n\000c\000e}{section*.33}% 32
\BOOKMARK [3][-]{section*.35}{\376\377\0005\000.\0002\000\040\000T\000h\000e\000\040\000s\000t\000a\000t\000e\000-\000d\000e\000p\000e\000n\000d\000e\000n\000t\000\040\000f\000e\000a\000s\000i\000b\000l\000e\000\040\000b\000a\000l\000a\000n\000c\000e\000\040\000d\000o\000m\000a\000i\000n}{section*.33}% 33
\BOOKMARK [3][-]{section*.36}{\376\377\0005\000.\0003\000\040\000S\000u\000p\000p\000o\000r\000t\000\040\000p\000r\000o\000v\000e\000n\000a\000n\000c\000e\000\040\000a\000n\000d\000\040\000t\000h\000e\000\040\000d\000i\000r\000e\000c\000t\000i\000o\000n\000a\000l\000\040\000s\000u\000p\000p\000o\000r\000t\000\040\000g\000a\000p}{section*.33}% 34
\BOOKMARK [3][-]{section*.37}{\376\377\0005\000.\0004\000\040\000T\000h\000e\000\040\000c\000o\000m\000p\000o\000n\000e\000n\000t\000w\000i\000s\000e\000\040\000d\000e\000f\000i\000c\000i\000t\000\040\000a\000n\000d\000\040\000t\000h\000e\000\040\000s\000p\000e\000c\000i\000a\000l\000i\000z\000a\000t\000i\000o\000n\000\040\000i\000d\000e\000n\000t\000i\000t\000y}{section*.33}% 35
\BOOKMARK [2][-]{section*.38}{\376\377\0006\000.\000\040\000D\000e\000p\000l\000e\000t\000i\000o\000n\000\040\000A\000r\000i\000t\000h\000m\000e\000t\000i\000c}{}% 36
\BOOKMARK [3][-]{section*.39}{\376\377\0006\000.\0001\000\040\000T\000h\000e\000\040\000t\000h\000r\000e\000e\000\040\000q\000u\000a\000n\000t\000i\000t\000i\000e\000s}{section*.38}% 37
\BOOKMARK [3][-]{section*.40}{\376\377\0006\000.\0002\000\040\000U\000n\000i\000f\000o\000r\000m\000-\000d\000r\000i\000f\000t\000\040\000b\000o\000u\000n\000d\000s}{section*.38}% 38
\BOOKMARK [3][-]{section*.41}{\376\377\0006\000.\0003\000\040\000U\000p\000p\000e\000r\000\040\000b\000a\000r\000r\000i\000e\000r\000s\000,\000\040\000e\000x\000i\000t\000\040\000t\000i\000m\000e\000s\000,\000\040\000a\000n\000d\000\040\000m\000a\000i\000n\000t\000a\000i\000n\000a\000b\000i\000l\000i\000t\000y}{section*.38}% 39
\BOOKMARK [3][-]{section*.42}{\376\377\0006\000.\0004\000\040\000R\000o\000b\000u\000s\000t\000\040\000s\000e\000m\000a\000n\000t\000i\000c\000s}{section*.38}% 40
\BOOKMARK [3][-]{section*.43}{\376\377\0006\000.\0005\000\040\000A\000p\000p\000l\000i\000c\000a\000t\000i\000o\000n\000\040\000c\000l\000a\000s\000s\000i\000f\000i\000c\000a\000t\000i\000o\000n\000s\000\040\000a\000t\000\040\000t\000h\000e\000i\000r\000\040\000e\000x\000a\000c\000t\000\040\000s\000t\000a\000t\000u\000s}{section*.38}% 41
\BOOKMARK [3][-]{section*.48}{\376\377\0006\000.\0006\000\040\000W\000h\000a\000t\000\040\000a\000n\000\040\000a\000g\000g\000r\000e\000g\000a\000t\000e\000\040\000r\000e\000c\000o\000r\000d\000\040\000f\000i\000x\000e\000s}{section*.38}% 42
\BOOKMARK [2][-]{section*.49}{\376\377\0007\000.\000\040\000F\000i\000r\000s\000t\000-\000P\000a\000s\000s\000a\000g\000e\000\040\000S\000e\000m\000a\000n\000t\000i\000c\000s\000\040\000o\000n\000\040\000D\000e\000c\000l\000a\000r\000e\000d\000\040\000S\000u\000r\000r\000o\000g\000a\000t\000e\000s}{}% 43
\BOOKMARK [3][-]{section*.50}{\376\377\0007\000.\0001\000\040\000T\000w\000o\000\040\000o\000b\000j\000e\000c\000t\000s\000,\000\040\000n\000o\000t\000\040\000o\000n\000e}{section*.49}% 44
\BOOKMARK [3][-]{section*.51}{\376\377\0007\000.\0002\000\040\000T\000h\000e\000\040\000o\000b\000s\000e\000r\000v\000e\000d\000-\000d\000r\000i\000f\000t\000\040\000B\000r\000o\000w\000n\000i\000a\000n\000\040\000s\000u\000r\000r\000o\000g\000a\000t\000e}{section*.49}% 45
\BOOKMARK [3][-]{section*.52}{\376\377\0007\000.\0003\000\040\000T\000h\000e\000\040\000i\000n\000v\000e\000r\000s\000e\000-\000G\000a\000u\000s\000s\000i\000a\000n\000\040\000g\000r\000o\000u\000n\000d\000w\000a\000t\000e\000r\000\040\000f\000i\000r\000s\000t\000\040\000p\000a\000s\000s\000a\000g\000e}{section*.49}% 46
\BOOKMARK [3][-]{section*.53}{\376\377\0007\000.\0004\000\040\000T\000h\000e\000\040\000r\000e\000c\000o\000r\000d\000-\000r\000e\000l\000a\000t\000i\000v\000e\000\040\000b\000a\000r\000r\000i\000e\000r\000\040\000d\000i\000s\000c\000i\000p\000l\000i\000n\000e}{section*.49}% 47
\BOOKMARK [3][-]{section*.54}{\376\377\0007\000.\0005\000\040\000T\000h\000e\000\040\000g\000e\000o\000m\000e\000t\000r\000i\000c\000-\000B\000r\000o\000w\000n\000i\000a\000n\000\040\000f\000i\000s\000h\000e\000r\000i\000e\000s\000\040\000f\000i\000r\000s\000t\000\040\000p\000a\000s\000s\000a\000g\000e}{section*.49}% 48
\BOOKMARK [3][-]{section*.55}{\376\377\0007\000.\0006\000\040\000T\000h\000e\000\040\000c\000o\000n\000s\000t\000a\000n\000t\000-\000p\000r\000o\000d\000u\000c\000t\000i\000o\000n\000\040\000p\000h\000o\000s\000p\000h\000a\000t\000e\000\040\000p\000a\000s\000s\000a\000g\000e\000\040\000t\000i\000m\000e}{section*.49}% 49
\BOOKMARK [3][-]{section*.56}{\376\377\0007\000.\0007\000\040\000T\000h\000e\000\040\000e\000x\000p\000l\000i\000c\000i\000t\000\040\000n\000o\000n\000-\000c\000l\000a\000i\000m\000s}{section*.49}% 50
\BOOKMARK [3][-]{section*.57}{\376\377\0007\000.\0008\000\040\000P\000a\000r\000a\000m\000e\000t\000e\000r\000\040\000a\000n\000d\000\040\000o\000b\000s\000e\000r\000v\000a\000t\000i\000o\000n\000\040\000u\000n\000c\000e\000r\000t\000a\000i\000n\000t\000y}{section*.49}% 51
\BOOKMARK [2][-]{section*.58}{\376\377\0008\000.\000\040\000D\000o\000m\000a\000i\000n\000\040\000T\000e\000m\000p\000l\000a\000t\000e\000s\000\040\000a\000t\000\040\000R\000e\000g\000i\000s\000t\000e\000r\000e\000d\000\040\000S\000t\000a\000t\000u\000s}{}% 52
\BOOKMARK [3][-]{section*.59}{\376\377\0008\000.\0001\000\040\000T\000h\000e\000\040\000p\000h\000o\000s\000p\000h\000o\000r\000u\000s\000\040\000t\000e\000m\000p\000l\000a\000t\000e}{section*.58}% 53
\BOOKMARK [3][-]{section*.60}{\376\377\0008\000.\0002\000\040\000T\000h\000e\000\040\000g\000r\000o\000u\000n\000d\000w\000a\000t\000e\000r\000\040\000t\000e\000m\000p\000l\000a\000t\000e\000\040\000a\000n\000d\000\040\000t\000h\000e\000\040\000t\000w\000o\000-\000p\000o\000o\000l\000\040\000g\000a\000p}{section*.58}% 54
\BOOKMARK [3][-]{section*.61}{\376\377\0008\000.\0003\000\040\000E\000x\000t\000r\000a\000c\000t\000o\000r\000-\000s\000i\000d\000e\000\040\000h\000a\000r\000v\000e\000s\000t\000\040\000e\000c\000o\000n\000o\000m\000i\000c\000s}{section*.58}% 55
\BOOKMARK [2][-]{section*.62}{\376\377\0009\000.\000\040\000T\000h\000e\000\040\000I\000n\000t\000e\000r\000f\000a\000c\000e\000\040\000w\000i\000t\000h\000\040\000I\000n\000s\000t\000i\000t\000u\000t\000i\000o\000n\000a\000l\000\040\000D\000e\000l\000a\000y\000\040\000D\000y\000n\000a\000m\000i\000c\000s}{}% 56
\BOOKMARK [2][-]{section*.63}{\376\377\0001\0000\000.\000\040\000W\000h\000a\000t\000\040\000t\000h\000e\000\040\000L\000e\000d\000g\000e\000r\000\040\000D\000o\000e\000s\000\040\000N\000o\000t\000\040\000S\000u\000p\000p\000o\000r\000t}{}% 57
\BOOKMARK [3][-]{section*.64}{\376\377\0001\0000\000.\0001\000\040\000C\000o\000m\000p\000e\000n\000s\000a\000t\000o\000r\000y\000\040\000a\000g\000g\000r\000e\000g\000a\000t\000i\000o\000n\000\040\000i\000s\000\040\000r\000e\000j\000e\000c\000t\000e\000d\000,\000\040\000n\000o\000t\000\040\000m\000e\000r\000e\000l\000y\000\040\000d\000i\000s\000c\000o\000u\000r\000a\000g\000e\000d}{section*.63}% 58
\BOOKMARK [3][-]{section*.65}{\376\377\0001\0000\000.\0002\000\040\000T\000h\000e\000\040\000d\000o\000u\000b\000l\000e\000-\000c\000o\000u\000n\000t\000i\000n\000g\000\040\000d\000i\000s\000c\000i\000p\000l\000i\000n\000e}{section*.63}% 59
\BOOKMARK [3][-]{section*.66}{\376\377\0001\0000\000.\0003\000\040\000N\000e\000g\000a\000t\000i\000v\000e\000\040\000a\000n\000d\000\040\000b\000o\000u\000n\000d\000a\000r\000y\000\040\000c\000o\000n\000t\000e\000n\000t\000\040\000i\000s\000\040\000f\000i\000r\000s\000t\000-\000c\000l\000a\000s\000s}{section*.63}% 60
\BOOKMARK [3][-]{section*.67}{\376\377\0001\0000\000.\0004\000\040\000L\000i\000m\000i\000t\000a\000t\000i\000o\000n\000s}{section*.63}% 61
\BOOKMARK [2][-]{section*.68}{\376\377\0001\0001\000.\000\040\000C\000o\000n\000c\000l\000u\000s\000i\000o\000n}{}% 62
\BOOKMARK [2][-]{section*.69}{\376\377\000R\000e\000f\000e\000r\000e\000n\000c\000e\000s}{}% 63
\BOOKMARK [2][-]{section*.70}{\376\377\000S\000u\000p\000p\000l\000e\000m\000e\000n\000t\000a\000r\000y\000\040\000m\000a\000t\000e\000r\000i\000a\000l}{}% 64
