✔ [2/60] Built Formalizations.Prelude (983ms)
✔ [3/60] Built Formalizations.E1_ForecastLadder (404ms)
✔ [4/60] Built Formalizations.P3_ProbSufficiency (621ms)
✔ [5/60] Built Formalizations.P3_Binomial (755ms)
✔ [6/60] Built Formalizations.Comp_Certification (845ms)
✔ [7/60] Built Formalizations.ARV_RegimeViability (994ms)
✔ [8/60] Built Formalizations.EBC_ExactBelief_v2 (1.1s)
✔ [9/60] Built Formalizations.P1_TimingCertificate (618ms)
✔ [10/60] Built Formalizations.P1_BeliefSafety (1.2s)
✔ [11/60] Built Formalizations.Minimax_Dual (1.2s)
✔ [12/60] Built Formalizations.Prelude_Monotone (678ms)
✔ [13/60] Built Formalizations.P1_Obstruction (1.8s)
✔ [14/60] Built Formalizations.Comp_Certification_v2 (863ms)
✔ [15/60] Built Formalizations.EBC_ExactBelief_v3 (1.6s)
✔ [16/60] Built Formalizations.ARV_RegimeViability_v2 (853ms)
✔ [17/60] Built Formalizations.P3_Support (1.1s)
✔ [18/60] Built Formalizations.WS_WorkedSystems (648ms)
✔ [19/60] Built Formalizations.P1_BeliefSafety_Value (1.2s)
✔ [20/60] Built Formalizations.WS_WorkedSystems_v2 (507ms)
✔ [21/60] Built Formalizations.P1_BeliefSafety_Policy (684ms)
✔ [22/60] Built Formalizations.P3_Sufficiency (1.0s)
✔ [23/60] Built Formalizations.EBC_Dynamics (1.3s)
✔ [24/60] Built Formalizations.P1_AssessmentSeparation_v5 (6.9s)
✔ [25/60] Built Formalizations.P3_ClassLattice (540ms)
✔ [26/60] Built Formalizations.P3_Deterministic (661ms)
✔ [27/60] Built Formalizations.EBC_Hamming (468ms)
✔ [28/60] Built Formalizations.EBC_Bands (736ms)
✔ [29/60] Built Formalizations.RatArith (704ms)
✔ [30/60] Built Formalizations.P3_Freeze_Noisy (729ms)
✔ [31/60] Built Formalizations.P3_PiecewiseLinear (806ms)
✔ [32/60] Built Formalizations.EBC_Bands_v2 (611ms)
✔ [33/60] Built Formalizations.P3_Antichain (601ms)
✔ [34/60] Built Formalizations.P3_Bridge (699ms)
✔ [35/60] Built Formalizations.P3_Freeze_Noisy_v2 (830ms)
✔ [36/60] Built Formalizations.P3_Convexity (845ms)
✔ [37/60] Built Formalizations.P3_Antichain_v2 (750ms)
✔ [38/60] Built Formalizations.EBC_Pairs (1.1s)
✔ [39/60] Built Formalizations.P3_RobustPL (854ms)
✔ [40/60] Built Formalizations.P3_Antichain_v3 (557ms)
✔ [41/60] Built Formalizations.P3_Viable (719ms)
✔ [42/60] Built Formalizations.EBC_Pairs_v2 (547ms)
✔ [43/60] Built Formalizations.EBC_Pairs_v3 (445ms)
✔ [44/60] Built Formalizations.EBC_Classification (617ms)
✔ [45/60] Built Formalizations.P3_Feedback (1.2s)
✔ [46/60] Built Formalizations.EBC_Deadline (694ms)
✔ [47/60] Built Formalizations.EBC_Classification_v2 (360ms)
✔ [48/60] Built Formalizations.P3_FeedbackValue (571ms)
✔ [49/60] Built Formalizations.EBC_Classification_v3 (462ms)
✔ [50/60] Built Formalizations.P3_SurvivableAdm (384ms)
✔ [51/60] Built Formalizations.EBC_Ladder (558ms)
✔ [52/60] Built Formalizations.P3_FreezeValue (595ms)
✔ [53/60] Built Formalizations.P3_BlindValue (868ms)
✔ [54/60] Built Formalizations.P3_FreezeCount (917ms)
✔ [55/60] Built Formalizations.EBC_Ladder_v2 (631ms)
✔ [56/60] Built Formalizations.P3_Rational (383ms)
✔ [57/60] Built Formalizations.P3_SupportValue (547ms)
✔ [58/60] Built Formalizations.P3_SupportRepair (316ms)
✔ [59/60] Built Formalizations (256ms)
Build completed successfully (60 jobs).
