fit (1983-2007, annual catch): r = 0.2369, K = 5000.0 (pinned at bound: True)
eps train max = 460.0 kt (year 1992); sd = 135.0; OOS max = 47.1 (exceeds declaration: False)
UC floors: {'UC_min': -460.0, 'UC_q05': -318.8, 'UC_q10': -114.8}
erosion: contractive = False, a_max = 1.1531; r_1 = 460.029, r_5 = 3120.507
worst-case fixed points on the LRP branch (policy, uc -> [low, high]):
  BAU       UC_min  C=  5.0 -> none (monotone decline)
  BAU       UC_q05  C=  5.0 -> none (monotone decline)
  BAU       UC_q10  C=  5.0 -> [np.float64(571.22), np.float64(4428.78)]
  flat_100  UC_min  C=240.0 -> none (monotone decline)
  flat_100  UC_q05  C=240.0 -> none (monotone decline)
  flat_100  UC_q10  C=240.0 -> none (monotone decline)
  flat_75   UC_min  C=180.0 -> none (monotone decline)
  flat_75   UC_q05  C=180.0 -> none (monotone decline)
  flat_75   UC_q10  C=180.0 -> [np.float64(2338.27), np.float64(2661.73)]
  flat_50   UC_min  C=120.0 -> none (monotone decline)
  flat_50   UC_q05  C=120.0 -> none (monotone decline)
  flat_50   UC_q10  C=120.0 -> [np.float64(1363.04), np.float64(3636.96)]
  flat_25   UC_min  C= 60.0 -> none (monotone decline)
  flat_25   UC_q05  C= 60.0 -> none (monotone decline)
  flat_25   UC_q10  C= 60.0 -> [np.float64(900.25), np.float64(4099.75)]
  flat_0    UC_min  C=  0.0 -> none (monotone decline)
  flat_0    UC_q05  C=  0.0 -> none (monotone decline)
  flat_0    UC_q10  C=  0.0 -> [np.float64(544.06), np.float64(4455.94)]
  S1        UC_min  C= 60.0 -> none (monotone decline)
  S1        UC_q05  C= 60.0 -> none (monotone decline)
  S1        UC_q10  C= 60.0 -> [np.float64(900.25), np.float64(4099.75)]
  cpm       UC_min  C= 60.0 -> none (monotone decline)
  cpm       UC_q05  C= 60.0 -> none (monotone decline)
  cpm       UC_q10  C= 60.0 -> [np.float64(900.25), np.float64(4099.75)]
maximal robust flat catch: {'UC_min': 0.0, 'UC_q05': 0.0, 'UC_q10': 57.62}
supply BAU       train mean C = 5.0
supply flat_25   train mean C = 60.0
supply S1        train mean C = 10.0
supply cpm       train mean C = 16.25
supply flat_0    train mean C = 0.0
stress BAU       min S = 366.25 >=LRP: False
stress flat_25   min S = 4.71 >=LRP: False
stress S1        min S = 307.27 >=LRP: False
stress cpm       min S = 294.71 >=LRP: False
stress flat_0    min S = 392.46 >=LRP: False
kernel lower boundaries (nominal):
  BAU       UC_min: T1=1141.032 Tinf=None  UC_q05: T1=1016.532 Tinf=None  UC_q10: T1=884.6 Tinf=884.6  
  flat_100  UC_min: T1=1351.076 Tinf=None  UC_q05: T1=1224.366 Tinf=None  UC_q10: T1=1043.816 Tinf=None  
  flat_50   UC_min: T1=1243.353 Tinf=None  UC_q05: T1=1117.785 Tinf=None  UC_q10: T1=938.824 Tinf=1363.041  
  flat_25   UC_min: T1=1189.858 Tinf=None  UC_q05: T1=1064.851 Tinf=None  UC_q10: T1=886.668 Tinf=900.251  
  S1        UC_min: T1=1189.858 Tinf=None  UC_q05: T1=1064.851 Tinf=None  UC_q10: T1=886.668 Tinf=900.251  
  cpm       UC_min: T1=1189.858 Tinf=None  UC_q05: T1=1064.851 Tinf=None  UC_q10: T1=886.668 Tinf=900.251  
  flat_0    UC_min: T1=1136.603 Tinf=None  UC_q05: T1=1012.149 Tinf=None  UC_q10: T1=884.6 Tinf=884.6  
certified horizons (largest nonempty T):
  BAU       UC_min=5  UC_q05=5  UC_q10=5
  flat_25   UC_min=5  UC_q05=5  UC_q10=5
  S1        UC_min=5  UC_q05=5  UC_q10=5
  cpm       UC_min=5  UC_q05=5  UC_q10=5
  flat_0    UC_min=5  UC_q05=5  UC_q10=5
retention (nominal):
  S1: retained=False (a_ok=False, improves=False, readings=[])
  cpm: retained=False (a_ok=False, improves=False, readings=[])
retention (certified):
  S1: retained=False (a_ok=False, improves=False, readings=[])
  cpm: retained=False (a_ok=False, improves=False, readings=[])
wrote results/intervention_results.json and results/intervention_boundaries.csv
