This is pdfTeX, Version 3.141592653-2.6-1.40.26 (TeX Live 2025/dev/Debian) (preloaded format=pdflatex)
 restricted \write18 enabled.
entering extended mode
(./main.tex
LaTeX2e <2024-11-01> patch level 2
L3 programming layer <2025-01-18>
(/usr/share/texlive/texmf-dist/tex/latex/base/article.cls
Document Class: article 2024/06/29 v1.4n Standard LaTeX document class
(/usr/share/texlive/texmf-dist/tex/latex/base/size10.clo))
(/usr/share/texlive/texmf-dist/tex/latex/amsmath/amsmath.sty
For additional information on amsmath, use the `?' option.
(/usr/share/texlive/texmf-dist/tex/latex/amsmath/amstext.sty
(/usr/share/texlive/texmf-dist/tex/latex/amsmath/amsgen.sty))
(/usr/share/texlive/texmf-dist/tex/latex/amsmath/amsbsy.sty)
(/usr/share/texlive/texmf-dist/tex/latex/amsmath/amsopn.sty))
(/usr/share/texlive/texmf-dist/tex/latex/amsfonts/amssymb.sty
(/usr/share/texlive/texmf-dist/tex/latex/amsfonts/amsfonts.sty))
(/usr/share/texlive/texmf-dist/tex/latex/l3backend/l3backend-pdftex.def)
No file main.aux.
(/usr/share/texlive/texmf-dist/tex/latex/amsfonts/umsa.fd)
(/usr/share/texlive/texmf-dist/tex/latex/amsfonts/umsb.fd)

LaTeX Warning: No \author given.

(./snippets.tex

LaTeX Warning: Reference `sec:applied' on page 1 undefined on input line 59.


[1{/var/lib/texmf/fonts/map/pdftex/updmap/pdftex.map}]
[2])
[3] (./main.aux)
kpathsea: Running mktexpk --mfmode / --bdpi 600 --mag 1+0/600 --dpi 600 tcti1000
mktexpk: Running mf-nowin -progname=mf \mode:=ljfour; mag:=1+0/600; nonstopmode; input tcti1000
This is METAFONT, Version 2.71828182 (TeX Live 2025/dev/Debian) (preloaded base=mf)

(/usr/share/texlive/texmf-dist/fonts/source/jknappen/ec/tcti1000.mf
(/usr/share/texlive/texmf-dist/fonts/source/jknappen/ec/exbase.mf)
(/usr/share/texlive/texmf-dist/fonts/source/jknappen/ec/tcti.mf
(/usr/share/texlive/texmf-dist/fonts/source/jknappen/ec/txsymb.mf
 Ok (/usr/share/texlive/texmf-dist/fonts/source/jknappen/ec/exaccess.mf
 Ok) (/usr/share/texlive/texmf-dist/fonts/source/jknappen/ec/txpseudo.mf
 Ok) (/usr/share/texlive/texmf-dist/fonts/source/jknappen/ec/txaccent.mf
 Ok [0] [1] [2] [3] [4] [5] [6] [7] [8] [9] [10] [11] [12] [27] [29])
(/usr/share/texlive/texmf-dist/fonts/source/jknappen/ec/txgen.mf
 Ok [100] [109] [98] [99] [108])
(/usr/share/texlive/texmf-dist/fonts/source/jknappen/ec/txsymbol.mf
 Ok [13] [18] [21] [22] [23] [24] [25] [26] [28] [31] [32] [36] [39] [44]
[45] [46] [42] [47] [60] [61] [62] [77] [79] [87] [110] [91] [93] [94] [95]
[96] [126] [127] [128] [129] [130] [131] [132] [133] [134] [135] [136] [137]
[138] [139] [140] [141] [142] [143] [144] [145] [146] [147] [148] [149]
[150] [151] [152] [153] [154] [155] [156] [157] [158] [159] [160] [161]
[162] [163] [164] [165] [166] [167] [168] [169] [171] [172] [173] [174]
[175] [177] [176] [180] [181] [182] [183] [184] [187] [191] [214] [246])
(/usr/share/texlive/texmf-dist/fonts/source/jknappen/ec/txitlod.mf
 Ok [48] [49] [53] [54] [56] [57] [50] [51] [52] [55])
(/usr/share/texlive/texmf-dist/fonts/source/jknappen/ec/txisuper.mf
 Ok [185] [178] [179] [170] [186])
(/usr/share/texlive/texmf-dist/fonts/source/jknappen/ec/txifract.mf
 Ok [188] [189] [190]) ) ) )
Font metrics written on tcti1000.tfm.
Output written on tcti1000.600gf (128 characters, 23764 bytes).
Transcript written on tcti1000.log.
mktexpk: /home/user/.texlive2025/texmf-var/fonts/pk/ljfour/jknappen/ec/tcti1000.600pk: successfully generated.


LaTeX Warning: There were undefined references.


LaTeX Warning: Label(s) may have changed. Rerun to get cross-references right.

 ) </home/user/.texlive2025/texmf-var/fonts/pk/ljfour/jknappen/ec/tcti1000.600p
k>
kpathsea: Running mktexpk --mfmode / --bdpi 600 --mag 1+0/600 --dpi 600 tcrm1000
mktexpk: Running mf-nowin -progname=mf \mode:=ljfour; mag:=1+0/600; nonstopmode; input tcrm1000
This is METAFONT, Version 2.71828182 (TeX Live 2025/dev/Debian) (preloaded base=mf)

(/usr/share/texlive/texmf-dist/fonts/source/jknappen/ec/tcrm1000.mf
(/usr/share/texlive/texmf-dist/fonts/source/jknappen/ec/exbase.mf)
(/usr/share/texlive/texmf-dist/fonts/source/jknappen/ec/tcrm.mf
(/usr/share/texlive/texmf-dist/fonts/source/jknappen/ec/txsymb.mf
 Ok (/usr/share/texlive/texmf-dist/fonts/source/jknappen/ec/exaccess.mf
 Ok) (/usr/share/texlive/texmf-dist/fonts/source/jknappen/ec/txpseudo.mf
 Ok) (/usr/share/texlive/texmf-dist/fonts/source/jknappen/ec/txaccent.mf
 Ok [0] [1] [2] [3] [4] [5] [6] [7] [8] [9] [10] [11] [12] [27] [29])
(/usr/share/texlive/texmf-dist/fonts/source/jknappen/ec/txgen.mf
 Ok [100] [109] [98] [99] [108])
(/usr/share/texlive/texmf-dist/fonts/source/jknappen/ec/txsymbol.mf
 Ok [13] [18] [21] [22] [23] [24] [25] [26] [28] [31] [32] [36] [39] [44]
[45] [46] [42] [47] [60] [61] [62] [77] [79] [87] [110] [91] [93] [94] [95]
[96] [126] [127] [128] [129] [130] [131] [132] [133] [134] [135] [136] [137]
[138] [139] [140] [141] [142] [143] [144] [145] [146] [147] [148] [149]
[150] [151] [152] [153] [154] [155] [156] [157] [158] [159] [160] [161]
[162] [163] [164] [165] [166] [167] [168] [169] [171] [172] [173] [174]
[175] [177] [176] [180] [181] [182] [183] [184] [187] [191] [214] [246])
(/usr/share/texlive/texmf-dist/fonts/source/jknappen/ec/txromod.mf
 Ok [48] [49] [50] [51] [52] [53] [54] [55] [56] [57])
(/usr/share/texlive/texmf-dist/fonts/source/jknappen/ec/txrsuper.mf
 Ok [185] [178] [179] [170] [186])
(/usr/share/texlive/texmf-dist/fonts/source/jknappen/ec/txrfract.mf
 Ok [188] [189] [190]) ) ) )
(some charht values had to be adjusted by as much as 0.06943pt)
Font metrics written on tcrm1000.tfm.
Output written on tcrm1000.600gf (128 characters, 23548 bytes).
Transcript written on tcrm1000.log.
mktexpk: /home/user/.texlive2025/texmf-var/fonts/pk/ljfour/jknappen/ec/tcrm1000.600pk: successfully generated.
 </home/user/.texlive2025/texmf-var/fonts/pk/ljfour/jknappen/ec/tcrm1000.600p
k>
kpathsea: Running mktexpk --mfmode / --bdpi 600 --mag 1+0/600 --dpi 600 tcrm0900
mktexpk: Running mf-nowin -progname=mf \mode:=ljfour; mag:=1+0/600; nonstopmode; input tcrm0900
This is METAFONT, Version 2.71828182 (TeX Live 2025/dev/Debian) (preloaded base=mf)

(/usr/share/texlive/texmf-dist/fonts/source/jknappen/ec/tcrm0900.mf
(/usr/share/texlive/texmf-dist/fonts/source/jknappen/ec/exbase.mf)
(/usr/share/texlive/texmf-dist/fonts/source/jknappen/ec/tcrm.mf
(/usr/share/texlive/texmf-dist/fonts/source/jknappen/ec/txsymb.mf
 Ok (/usr/share/texlive/texmf-dist/fonts/source/jknappen/ec/exaccess.mf
 Ok) (/usr/share/texlive/texmf-dist/fonts/source/jknappen/ec/txpseudo.mf
 Ok) (/usr/share/texlive/texmf-dist/fonts/source/jknappen/ec/txaccent.mf
 Ok [0] [1] [2] [3] [4] [5] [6] [7] [8] [9] [10] [11] [12] [27] [29])
(/usr/share/texlive/texmf-dist/fonts/source/jknappen/ec/txgen.mf
 Ok [100] [109] [98] [99] [108])
(/usr/share/texlive/texmf-dist/fonts/source/jknappen/ec/txsymbol.mf
 Ok [13] [18] [21] [22] [23] [24] [25] [26] [28] [31] [32] [36] [39] [44]
[45] [46] [42] [47] [60] [61] [62] [77] [79] [87] [110] [91] [93] [94] [95]
[96] [126] [127] [128] [129] [130] [131] [132] [133] [134] [135] [136] [137]
[138] [139] [140] [141] [142] [143] [144] [145] [146] [147] [148] [149]
[150] [151] [152] [153] [154] [155] [156] [157] [158] [159] [160] [161]
[162] [163] [164] [165] [166] [167] [168] [169] [171] [172] [173] [174]
[175] [177] [176] [180] [181] [182] [183] [184] [187] [191] [214] [246])
(/usr/share/texlive/texmf-dist/fonts/source/jknappen/ec/txromod.mf
 Ok [48] [49] [50] [51] [52] [53] [54] [55] [56] [57])
(/usr/share/texlive/texmf-dist/fonts/source/jknappen/ec/txrsuper.mf
 Ok [185] [178] [179] [170] [186])
(/usr/share/texlive/texmf-dist/fonts/source/jknappen/ec/txrfract.mf
 Ok [188] [189] [190]) ) ) )
(some charht values had to be adjusted by as much as 0.06744pt)
Font metrics written on tcrm0900.tfm.
Output written on tcrm0900.600gf (128 characters, 21392 bytes).
Transcript written on tcrm0900.log.
mktexpk: /home/user/.texlive2025/texmf-var/fonts/pk/ljfour/jknappen/ec/tcrm0900.600pk: successfully generated.
 </home/user/.texlive2025/texmf-var/fonts/pk/ljfour/jknappen/ec/tcrm0900.600p
k></usr/share/texlive/texmf-dist/fonts/type1/public/amsfonts/cm/cmbx10.pfb></us
r/share/texlive/texmf-dist/fonts/type1/public/amsfonts/cm/cmbx12.pfb></usr/shar
e/texlive/texmf-dist/fonts/type1/public/amsfonts/cm/cmbx9.pfb></usr/share/texli
ve/texmf-dist/fonts/type1/public/amsfonts/cm/cmmi10.pfb></usr/share/texlive/tex
mf-dist/fonts/type1/public/amsfonts/cm/cmr10.pfb></usr/share/texlive/texmf-dist
/fonts/type1/public/amsfonts/cm/cmr12.pfb></usr/share/texlive/texmf-dist/fonts/
type1/public/amsfonts/cm/cmr17.pfb></usr/share/texlive/texmf-dist/fonts/type1/p
ublic/amsfonts/cm/cmr9.pfb></usr/share/texlive/texmf-dist/fonts/type1/public/am
sfonts/cm/cmti10.pfb>
Output written on main.pdf (3 pages, 136466 bytes).
Transcript written on main.log.
